node.exe : FAIL __tests__/Sidebar.test.tsx
At line:1 char:1
+ & "C:\Program Files\nodejs/node.exe" "C:\Program Files\nodejs/node_mo ...
+ ~~~~~~~~~~~~~~~~~~~~~~~~~~~~~~~~~~~~~~~~~~~~~~~~~~~~~~~~~~~~~~~~~~~~~
    + CategoryInfo          : NotSpecified: (FAIL __tests__/Sidebar.test.tsx:String) [], RemoteEx 
   ception
    + FullyQualifiedErrorId : NativeCommandError
 
  Sidebar
    ├ù renders navigation links (33 ms)
    ├ù renders the log out button (4 ms)

  ΓùÅ Sidebar ΓÇ║ renders navigation links

    TypeError: (0 , _supabase.createClient) is not a function

    [0m [90m 14 |[39m   [36mconst[39m [isMobile[33m,[39m setIsMobile] [33m=[39m 
useState([36mfalse[39m)[33m;[39m
     [90m 15 |[39m   [36mconst[39m router [33m=[39m useRouter()[33m;[39m
    [31m[1m>[22m[39m[90m 16 |[39m   [36mconst[39m supabase [33m=[39m 
createClient()[33m;[39m
     [90m    |[39m                                [31m[1m^[22m[39m
     [90m 17 |[39m
     [90m 18 |[39m   [36mconst[39m handleLogout [33m=[39m [36masync[39m () [33m=>[39m {
     [90m 19 |[39m     [36mawait[39m 
supabase[33m.[39mauth[33m.[39msignOut()[33m;[39m[0m

      at Sidebar (src/components/Sidebar.tsx:16:32)
      at Object.react_stack_bottom_frame 
(node_modules/react-dom/cjs/react-dom-client.development.js:25904:20)
      at renderWithHooks (node_modules/react-dom/cjs/react-dom-client.development.js:7662:22)
      at updateFunctionComponent 
(node_modules/react-dom/cjs/react-dom-client.development.js:10166:19)
      at beginWork (node_modules/react-dom/cjs/react-dom-client.development.js:11778:18)
      at runWithFiberInDEV (node_modules/react-dom/cjs/react-dom-client.development.js:874:13)
      at performUnitOfWork (node_modules/react-dom/cjs/react-dom-client.development.js:17641:22)
      at workLoopSync (node_modules/react-dom/cjs/react-dom-client.development.js:17469:41)
      at renderRootSync (node_modules/react-dom/cjs/react-dom-client.development.js:17450:11)
      at performWorkOnRoot (node_modules/react-dom/cjs/react-dom-client.development.js:16583:35)
      at performWorkOnRootViaSchedulerTask 
(node_modules/react-dom/cjs/react-dom-client.development.js:18957:7)
      at flushActQueue (node_modules/react/cjs/react.development.js:590:34)
      at process.env.NODE_ENV.exports.act (node_modules/react/cjs/react.development.js:884:10)
      at node_modules/@testing-library/react/dist/act-compat.js:46:25
      at renderRoot (node_modules/@testing-library/react/dist/pure.js:189:26)
      at render (node_modules/@testing-library/react/dist/pure.js:291:10)
      at Object.<anonymous> (__tests__/Sidebar.test.tsx:23:11)

  ΓùÅ Sidebar ΓÇ║ renders the log out button

    TypeError: (0 , _supabase.createClient) is not a function

    [0m [90m 14 |[39m   [36mconst[39m [isMobile[33m,[39m setIsMobile] [33m=[39m 
useState([36mfalse[39m)[33m;[39m
     [90m 15 |[39m   [36mconst[39m router [33m=[39m useRouter()[33m;[39m
    [31m[1m>[22m[39m[90m 16 |[39m   [36mconst[39m supabase [33m=[39m 
createClient()[33m;[39m
     [90m    |[39m                                [31m[1m^[22m[39m
     [90m 17 |[39m
     [90m 18 |[39m   [36mconst[39m handleLogout [33m=[39m [36masync[39m () [33m=>[39m {
     [90m 19 |[39m     [36mawait[39m 
supabase[33m.[39mauth[33m.[39msignOut()[33m;[39m[0m

      at Sidebar (src/components/Sidebar.tsx:16:32)
      at Object.react_stack_bottom_frame 
(node_modules/react-dom/cjs/react-dom-client.development.js:25904:20)
      at renderWithHooks (node_modules/react-dom/cjs/react-dom-client.development.js:7662:22)
      at updateFunctionComponent 
(node_modules/react-dom/cjs/react-dom-client.development.js:10166:19)
      at beginWork (node_modules/react-dom/cjs/react-dom-client.development.js:11778:18)
      at runWithFiberInDEV (node_modules/react-dom/cjs/react-dom-client.development.js:874:13)
      at performUnitOfWork (node_modules/react-dom/cjs/react-dom-client.development.js:17641:22)
      at workLoopSync (node_modules/react-dom/cjs/react-dom-client.development.js:17469:41)
      at renderRootSync (node_modules/react-dom/cjs/react-dom-client.development.js:17450:11)
      at performWorkOnRoot (node_modules/react-dom/cjs/react-dom-client.development.js:16583:35)
      at performWorkOnRootViaSchedulerTask 
(node_modules/react-dom/cjs/react-dom-client.development.js:18957:7)
      at flushActQueue (node_modules/react/cjs/react.development.js:590:34)
      at process.env.NODE_ENV.exports.act (node_modules/react/cjs/react.development.js:884:10)
      at node_modules/@testing-library/react/dist/act-compat.js:46:25
      at renderRoot (node_modules/@testing-library/react/dist/pure.js:189:26)
      at render (node_modules/@testing-library/react/dist/pure.js:291:10)
      at Object.<anonymous> (__tests__/Sidebar.test.tsx:33:11)

Test Suites: 1 failed, 1 total
Tests:       2 failed, 2 total
Snapshots:   0 total
Time:        1.532 s
Ran all test suites matching __tests__/Sidebar.test.tsx.
