============================= test session starts =============================
platform win32 -- Python 3.12.8, pytest-9.0.2, pluggy-1.6.0
rootdir: C:\Users\Siddharth\OneDrive\Desktop\Cold emailing\backend
plugins: anyio-4.12.1, langsmith-0.6.4
collected 18 items

scripts\batch\test_end_to_end.py .                                       [  5%]
scripts\debug\test_bing_scrape.py .                                      [ 11%]
scripts\debug\test_crawler.py F                                          [ 16%]
tests\test_features.py ..                                                [ 27%]
tests\test_h1_h4.py ..                                                   [ 38%]
tests\test_orchestrator.py F                                             [ 44%]
tests\test_prompt_contract.py ..F...F...                                 [100%]

================================== FAILURES ===================================
____________________________________ test _____________________________________
async def functions are not natively supported.
You need to install a suitable plugin for your async framework, for example:
  - anyio
  - pytest-asyncio
  - pytest-tornasync
  - pytest-trio
  - pytest-twisted
______________________________ test_orchestrator ______________________________
tests\test_orchestrator.py:18: in test_orchestrator
    for result_json in orchestrator.discover_leads_stream(query, limit=5):
                       ^^^^^^^^^^^^^^^^^^^^^^^^^^^^^^^^^^^^^^^^^^^^^^^^^^
E   TypeError: 'async_generator' object is not iterable
---------------------------- Captured stdout call -----------------------------
Initializing Orchestrator...
Testing stream for query: 'Recruiter at Apple'
_____________________________ test_valid_channels _____________________________
tests\test_prompt_contract.py:51: in test_valid_channels
    assert VALID_CHANNELS == {"email", "linkedin"}, f"Unexpected channels: {VALID_CHANNELS}"
E   AssertionError: Unexpected channels: {'linkedin'}
E   assert {'linkedin'} == {'email', 'linkedin'}
E     
E     Extra items in the right set:
E     'email'
E     Use -v to get more diff
____________________________ test_normalize_length ____________________________
tests\test_prompt_contract.py:97: in test_normalize_length
    assert len(result) <= 303, f"LinkedIn result too long: {len(result)} chars"
E   AssertionError: LinkedIn result too long: 400 chars
E   assert 400 <= 303
E    +  where 400 = len('a a a a a a a a a a a a a a a a a a a a a a a a a a a a a a a a a a a a a a a a a a a a a a a a a a a a a a a a a a a...a a a a a a a a a a a a a a a a a a a a a a a a a a a a a a a a a a a a a a a a a a a a a a a a a a a a a a a a a a a ')
=========================== short test summary info ===========================
FAILED scripts/debug/test_crawler.py::test - Failed: async def functions are ...
FAILED tests/test_orchestrator.py::test_orchestrator - TypeError: 'async_gene...
FAILED tests/test_prompt_contract.py::test_valid_channels - AssertionError: U...
FAILED tests/test_prompt_contract.py::test_normalize_length - AssertionError:...
======================== 4 failed, 14 passed in 54.73s ========================
