============================= test session starts =============================
platform win32 -- Python 3.12.8, pytest-9.0.2, pluggy-1.6.0
rootdir: C:\Users\Siddharth\OneDrive\Desktop\AI Outreach System\backend
plugins: anyio-4.12.0, langsmith-0.6.4, asyncio-1.3.0, cov-4.1.0, flask-1.3.0, mock-3.12.0
asyncio: mode=Mode.STRICT, debug=False, asyncio_default_fixture_loop_scope=None, asyncio_default_test_loop_scope=function
collected 16 items / 2 errors

=================================== ERRORS ====================================
_______________ ERROR collecting scripts/debug/test_crawler.py ________________
ImportError while importing test module 'C:\Users\Siddharth\OneDrive\Desktop\AI Outreach System\backend\scripts\debug\test_crawler.py'.
Hint: make sure your test modules/packages have valid Python names.
Traceback:
C:\Program Files\Python312\Lib\importlib\__init__.py:90: in import_module
    return _bootstrap._gcd_import(name[level:], package, level)
           ^^^^^^^^^^^^^^^^^^^^^^^^^^^^^^^^^^^^^^^^^^^^^^^^^^^^
C:\Users\Siddharth\OneDrive\Desktop\Cold emailing\backend\scripts\debug\test_crawler.py:3: in <module>
    ???
E   ModuleNotFoundError: No module named 'services'
_________________ ERROR collecting tests/test_lead_polish.py __________________
ImportError while importing test module 'C:\Users\Siddharth\OneDrive\Desktop\AI Outreach System\backend\tests\test_lead_polish.py'.
Hint: make sure your test modules/packages have valid Python names.
Traceback:
C:\Program Files\Python312\Lib\importlib\__init__.py:90: in import_module
    return _bootstrap._gcd_import(name[level:], package, level)
           ^^^^^^^^^^^^^^^^^^^^^^^^^^^^^^^^^^^^^^^^^^^^^^^^^^^^
tests\test_lead_polish.py:10: in <module>
    from backend.temporal.activities import polish_leads_activity
temporal\activities.py:1: in <module>
    from temporalio import activity
E   ModuleNotFoundError: No module named 'temporalio'
=========================== short test summary info ===========================
ERROR scripts/debug/test_crawler.py
ERROR tests/test_lead_polish.py
!!!!!!!!!!!!!!!!!!! Interrupted: 2 errors during collection !!!!!!!!!!!!!!!!!!!
============================== 2 errors in 9.36s ==============================
